 
****************************************
Report : clocks
Design : system_top_dft
Version: K-2015.06
Date   : Mon Aug 26 17:40:49 2024
****************************************

Attributes:
    d - dont_touch_network
    f - fix_hold
    p - propagated_clock
    G - generated_clock
    g - lib_generated_clock

Clock          Period   Waveform            Attrs     Sources
--------------------------------------------------------------------------------
ALU_CLK         20.00   {0 10}              G         {U2/CLK}
REF_CLK         20.00   {0 10}                        {REF_CLK}
RX_CLK         271.27   {0 135.634}         G         {U4/TX_CLK}
TX_CLK        8680.56   {0 4340.28}         G         {U7/CLK U8/R_CLK}
UART_CLK       271.27   {0 135.634}                   {UART_CLK}
dft_clk        100.00   {0 50}                        {scan_clk}
--------------------------------------------------------------------------------

Generated     Master         Generated      Master         Waveform
Clock         Source         Source         Clock          Modification
--------------------------------------------------------------------------------
ALU_CLK       REF_CLK        {U2/CLK}       REF_CLK        divide_by(1)
RX_CLK        UART_CLK       {U4/TX_CLK}    UART_CLK       divide_by(1)
TX_CLK        UART_CLK       {U7/CLK U8/R_CLK}
                                            UART_CLK       divide_by(32)
--------------------------------------------------------------------------------
1
